export const snapshot = {};

snapshot[`isOneOf<T> > returns properly named function 1`] = `
"isUnionOf([
  isNumber,
  isString,
  isBoolean
])"
`;

snapshot[`isAllOf<T> > returns properly named function 1`] = `
"isObjectOf({
  a: isNumber,
  b: isString
})"
`;
