export const snapshot = {};

snapshot[`isArrayOf<T> > returns properly named function 1`] = `"isArrayOf(isNumber)"`;

snapshot[`isArrayOf<T> > returns properly named function 2`] = `"isArrayOf((anonymous))"`;
