export const snapshot = {};

snapshot[`isInstanceOf<T> > returns properly named function 1`] = `"isInstanceOf(Date)"`;

snapshot[`isInstanceOf<T> > returns properly named function 2`] = `"isInstanceOf((anonymous))"`;
