export const snapshot = {};

snapshot[`isRecordObjectOf<T> > returns properly named function 1`] = `"isRecordObjectOf(isNumber, undefined)"`;

snapshot[`isRecordObjectOf<T> > returns properly named function 2`] = `"isRecordObjectOf((anonymous), undefined)"`;

snapshot[`isRecordObjectOf<T, K> > returns properly named function 1`] = `"isRecordObjectOf(isNumber, isString)"`;

snapshot[`isRecordObjectOf<T, K> > returns properly named function 2`] = `"isRecordObjectOf((anonymous), isString)"`;
