export const snapshot = {};

snapshot[`isSetOf<T> > returns properly named function 1`] = `"isSetOf(isNumber)"`;

snapshot[`isSetOf<T> > returns properly named function 2`] = `"isSetOf((anonymous))"`;
