export const snapshot = {};

snapshot[`isUnionOf<T> > returns properly named predicate function 1`] = `
"isUnionOf([
  isNumber,
  isString,
  isBoolean
])"
`;
